// Jest Snapshot v1, https://goo.gl/fbAQLP

exports[`Testing Testing component renders SearchBox component 1`] = `null`;
