// Jest Snapshot v1, https://goo.gl/fbAQLP

exports[`renders Login component 1`] = `null`;
