// Jest Snapshot v1, https://goo.gl/fbAQLP

exports[`renders NotFound component 1`] = `null`;
