// Jest Snapshot v1, https://goo.gl/fbAQLP

exports[`renders Mosaic component 1`] = `null`;
