// Jest Snapshot v1, https://goo.gl/fbAQLP

exports[`renders PrivateRoute component 1`] = `null`;
