// Jest Snapshot v1, https://goo.gl/fbAQLP

exports[`Testing Header component renders Header component 1`] = `null`;
