// Jest Snapshot v1, https://goo.gl/fbAQLP

exports[`renders VideoDetailsView component 1`] = `null`;
