// Jest Snapshot v1, https://goo.gl/fbAQLP

exports[`renders FavoritesDetailsView component 1`] = `
Object {
  "asFragment": [Function],
  "baseElement": <body>
    <div>
      <div
        class="sc-bqyKva fbzoJc"
      >
        <h2
          class="MuiTypography-root MuiTypography-h5 MuiTypography-gutterBottom"
        >
          404
        </h2>
        <p
          class="MuiTypography-root MuiTypography-body2 MuiTypography-colorTextSecondary"
        >
          Looks like you have followed a broken link or entered a URL that does not exist on this site.
        </p>
        <a
          href="/"
        >
          Back to home
        </a>
      </div>
    </div>
  </body>,
  "container": <div>
    <div
      class="sc-bqyKva fbzoJc"
    >
      <h2
        class="MuiTypography-root MuiTypography-h5 MuiTypography-gutterBottom"
      >
        404
      </h2>
      <p
        class="MuiTypography-root MuiTypography-body2 MuiTypography-colorTextSecondary"
      >
        Looks like you have followed a broken link or entered a URL that does not exist on this site.
      </p>
      <a
        href="/"
      >
        Back to home
      </a>
    </div>
  </div>,
  "debug": [Function],
  "findAllByAltText": [Function],
  "findAllByDisplayValue": [Function],
  "findAllByLabelText": [Function],
  "findAllByPlaceholderText": [Function],
  "findAllByRole": [Function],
  "findAllByTestId": [Function],
  "findAllByText": [Function],
  "findAllByTitle": [Function],
  "findByAltText": [Function],
  "findByDisplayValue": [Function],
  "findByLabelText": [Function],
  "findByPlaceholderText": [Function],
  "findByRole": [Function],
  "findByTestId": [Function],
  "findByText": [Function],
  "findByTitle": [Function],
  "getAllByAltText": [Function],
  "getAllByDisplayValue": [Function],
  "getAllByLabelText": [Function],
  "getAllByPlaceholderText": [Function],
  "getAllByRole": [Function],
  "getAllByTestId": [Function],
  "getAllByText": [Function],
  "getAllByTitle": [Function],
  "getByAltText": [Function],
  "getByDisplayValue": [Function],
  "getByLabelText": [Function],
  "getByPlaceholderText": [Function],
  "getByRole": [Function],
  "getByTestId": [Function],
  "getByText": [Function],
  "getByTitle": [Function],
  "queryAllByAltText": [Function],
  "queryAllByDisplayValue": [Function],
  "queryAllByLabelText": [Function],
  "queryAllByPlaceholderText": [Function],
  "queryAllByRole": [Function],
  "queryAllByTestId": [Function],
  "queryAllByText": [Function],
  "queryAllByTitle": [Function],
  "queryByAltText": [Function],
  "queryByDisplayValue": [Function],
  "queryByLabelText": [Function],
  "queryByPlaceholderText": [Function],
  "queryByRole": [Function],
  "queryByTestId": [Function],
  "queryByText": [Function],
  "queryByTitle": [Function],
  "rerender": [Function],
  "unmount": [Function],
}
`;
