// Jest Snapshot v1, https://goo.gl/fbAQLP

exports[`renders CardWithFav component 1`] = `
Object {
  "asFragment": [Function],
  "baseElement": <body>
    <div>
      <div
        class="sc-jSgupP dtZhcH"
      >
        <a
          class="sc-bdfBwQ lclvs"
          href="/videos/nmXMgqjQzls"
        >
          <div
            class="MuiPaper-root MuiCard-root sc-gsTCUz dqPDNH MuiPaper-elevation1 MuiPaper-rounded"
          >
            <button
              class="MuiButtonBase-root MuiCardActionArea-root"
              tabindex="0"
              type="button"
            >
              <div
                alt-text="Video Tour | Welcome to Wizeline Guadalajara"
                class="MuiCardMedia-root sc-dlfnbm dXdMTU"
                style="background-image: url(https://i.ytimg.com/vi/nmXMgqjQzls/hqdefault.jpg);"
                title="Video Tour | Welcome to Wizeline Guadalajara"
              />
              <div
                class="MuiCardContent-root"
              >
                <h2
                  class="MuiTypography-root MuiTypography-h5 MuiTypography-gutterBottom"
                >
                  Video Tour | Welcome to Wizeline Guadalajara
                </h2>
                <p
                  class="MuiTypography-root MuiTypography-body2 MuiTypography-colorTextSecondary"
                >
                  Follow Hector Padilla, Wizeline Director of Engineering, for a lively tour of our office. In 2018, Wizeline opened its stunning new office in Guadalajara, Jalisco, ...
                </p>
              </div>
              <span
                class="MuiCardActionArea-focusHighlight"
              />
              <span
                class="MuiTouchRipple-root"
              />
            </button>
          </div>
        </a>
      </div>
    </div>
  </body>,
  "container": <div>
    <div
      class="sc-jSgupP dtZhcH"
    >
      <a
        class="sc-bdfBwQ lclvs"
        href="/videos/nmXMgqjQzls"
      >
        <div
          class="MuiPaper-root MuiCard-root sc-gsTCUz dqPDNH MuiPaper-elevation1 MuiPaper-rounded"
        >
          <button
            class="MuiButtonBase-root MuiCardActionArea-root"
            tabindex="0"
            type="button"
          >
            <div
              alt-text="Video Tour | Welcome to Wizeline Guadalajara"
              class="MuiCardMedia-root sc-dlfnbm dXdMTU"
              style="background-image: url(https://i.ytimg.com/vi/nmXMgqjQzls/hqdefault.jpg);"
              title="Video Tour | Welcome to Wizeline Guadalajara"
            />
            <div
              class="MuiCardContent-root"
            >
              <h2
                class="MuiTypography-root MuiTypography-h5 MuiTypography-gutterBottom"
              >
                Video Tour | Welcome to Wizeline Guadalajara
              </h2>
              <p
                class="MuiTypography-root MuiTypography-body2 MuiTypography-colorTextSecondary"
              >
                Follow Hector Padilla, Wizeline Director of Engineering, for a lively tour of our office. In 2018, Wizeline opened its stunning new office in Guadalajara, Jalisco, ...
              </p>
            </div>
            <span
              class="MuiCardActionArea-focusHighlight"
            />
            <span
              class="MuiTouchRipple-root"
            />
          </button>
        </div>
      </a>
    </div>
  </div>,
  "debug": [Function],
  "findAllByAltText": [Function],
  "findAllByDisplayValue": [Function],
  "findAllByLabelText": [Function],
  "findAllByPlaceholderText": [Function],
  "findAllByRole": [Function],
  "findAllByTestId": [Function],
  "findAllByText": [Function],
  "findAllByTitle": [Function],
  "findByAltText": [Function],
  "findByDisplayValue": [Function],
  "findByLabelText": [Function],
  "findByPlaceholderText": [Function],
  "findByRole": [Function],
  "findByTestId": [Function],
  "findByText": [Function],
  "findByTitle": [Function],
  "getAllByAltText": [Function],
  "getAllByDisplayValue": [Function],
  "getAllByLabelText": [Function],
  "getAllByPlaceholderText": [Function],
  "getAllByRole": [Function],
  "getAllByTestId": [Function],
  "getAllByText": [Function],
  "getAllByTitle": [Function],
  "getByAltText": [Function],
  "getByDisplayValue": [Function],
  "getByLabelText": [Function],
  "getByPlaceholderText": [Function],
  "getByRole": [Function],
  "getByTestId": [Function],
  "getByText": [Function],
  "getByTitle": [Function],
  "queryAllByAltText": [Function],
  "queryAllByDisplayValue": [Function],
  "queryAllByLabelText": [Function],
  "queryAllByPlaceholderText": [Function],
  "queryAllByRole": [Function],
  "queryAllByTestId": [Function],
  "queryAllByText": [Function],
  "queryAllByTitle": [Function],
  "queryByAltText": [Function],
  "queryByDisplayValue": [Function],
  "queryByLabelText": [Function],
  "queryByPlaceholderText": [Function],
  "queryByRole": [Function],
  "queryByTestId": [Function],
  "queryByText": [Function],
  "queryByTitle": [Function],
  "rerender": [Function],
  "unmount": [Function],
}
`;
