// Jest Snapshot v1, https://goo.gl/fbAQLP

exports[`renders HomeView component 1`] = `null`;
