// Jest Snapshot v1, https://goo.gl/fbAQLP

exports[`renders Card component 1`] = `
Object {
  "asFragment": [Function],
  "baseElement": <body>
    <div>
      <a
        class="sc-bdfBwQ lclvs"
        href="/videos/a"
      >
        <div
          class="MuiPaper-root MuiCard-root sc-gsTCUz dqPDNH MuiPaper-elevation1 MuiPaper-rounded"
        >
          <button
            class="MuiButtonBase-root MuiCardActionArea-root"
            tabindex="0"
            type="button"
          >
            <div
              alt-text="title"
              class="MuiCardMedia-root sc-dlfnbm dXdMTU"
              style="background-image: url(thumbnails);"
              title="title"
            />
            <div
              class="MuiCardContent-root"
            >
              <h2
                class="MuiTypography-root MuiTypography-h5 MuiTypography-gutterBottom"
              >
                title
              </h2>
              <p
                class="MuiTypography-root MuiTypography-body2 MuiTypography-colorTextSecondary"
              >
                description
              </p>
            </div>
            <span
              class="MuiCardActionArea-focusHighlight"
            />
            <span
              class="MuiTouchRipple-root"
            />
          </button>
        </div>
      </a>
    </div>
  </body>,
  "container": <div>
    <a
      class="sc-bdfBwQ lclvs"
      href="/videos/a"
    >
      <div
        class="MuiPaper-root MuiCard-root sc-gsTCUz dqPDNH MuiPaper-elevation1 MuiPaper-rounded"
      >
        <button
          class="MuiButtonBase-root MuiCardActionArea-root"
          tabindex="0"
          type="button"
        >
          <div
            alt-text="title"
            class="MuiCardMedia-root sc-dlfnbm dXdMTU"
            style="background-image: url(thumbnails);"
            title="title"
          />
          <div
            class="MuiCardContent-root"
          >
            <h2
              class="MuiTypography-root MuiTypography-h5 MuiTypography-gutterBottom"
            >
              title
            </h2>
            <p
              class="MuiTypography-root MuiTypography-body2 MuiTypography-colorTextSecondary"
            >
              description
            </p>
          </div>
          <span
            class="MuiCardActionArea-focusHighlight"
          />
          <span
            class="MuiTouchRipple-root"
          />
        </button>
      </div>
    </a>
  </div>,
  "debug": [Function],
  "findAllByAltText": [Function],
  "findAllByDisplayValue": [Function],
  "findAllByLabelText": [Function],
  "findAllByPlaceholderText": [Function],
  "findAllByRole": [Function],
  "findAllByTestId": [Function],
  "findAllByText": [Function],
  "findAllByTitle": [Function],
  "findByAltText": [Function],
  "findByDisplayValue": [Function],
  "findByLabelText": [Function],
  "findByPlaceholderText": [Function],
  "findByRole": [Function],
  "findByTestId": [Function],
  "findByText": [Function],
  "findByTitle": [Function],
  "getAllByAltText": [Function],
  "getAllByDisplayValue": [Function],
  "getAllByLabelText": [Function],
  "getAllByPlaceholderText": [Function],
  "getAllByRole": [Function],
  "getAllByTestId": [Function],
  "getAllByText": [Function],
  "getAllByTitle": [Function],
  "getByAltText": [Function],
  "getByDisplayValue": [Function],
  "getByLabelText": [Function],
  "getByPlaceholderText": [Function],
  "getByRole": [Function],
  "getByTestId": [Function],
  "getByText": [Function],
  "getByTitle": [Function],
  "queryAllByAltText": [Function],
  "queryAllByDisplayValue": [Function],
  "queryAllByLabelText": [Function],
  "queryAllByPlaceholderText": [Function],
  "queryAllByRole": [Function],
  "queryAllByTestId": [Function],
  "queryAllByText": [Function],
  "queryAllByTitle": [Function],
  "queryByAltText": [Function],
  "queryByDisplayValue": [Function],
  "queryByLabelText": [Function],
  "queryByPlaceholderText": [Function],
  "queryByRole": [Function],
  "queryByTestId": [Function],
  "queryByText": [Function],
  "queryByTitle": [Function],
  "rerender": [Function],
  "unmount": [Function],
}
`;
