// Jest Snapshot v1, https://goo.gl/fbAQLP

exports[`renders DetailsView component 1`] = `null`;
