// Jest Snapshot v1, https://goo.gl/fbAQLP

exports[`renders CardWithFav component 1`] = `null`;
